%!Adobe-FontList 1.14
%Locale:0x412

%BeginFont
Handler:DirectoryHandler
FontType:Invalid
OutlineFileName:C:\Users\tj\Desktop\김예진_웹디자인_201806_201812\Mlesna\html_mlesna\Font\AritaBuriB.eot
FileModTime:1517138968
%EndFont

%BeginFont
Handler:DirectoryHandler
FontType:TrueType
FontName:Arita-buri-Bold_TTF
FamilyName:Arita-buri(TTF)
StyleName:Bold
FullName:Arita-buri(TTF)-Bold
MenuName:Arita-buri(TTF)-Bold
StyleBits:0
FamilyNameNative:
StyleNameNative:Bold
FullNameNative:
WritingScript:Korean
OutlineFileName:C:\Users\tj\Desktop\김예진_웹디자인_201806_201812\Mlesna\html_mlesna\Font\AritaBuriB.ttf
DataFormat:sfntData
FileLength:10495744
FileModTime:1517138968
WeightClass:700
WidthClass:5
AngleClass:0
%EndFont

%BeginFont
Handler:DirectoryHandler
FontType:Invalid
OutlineFileName:C:\Users\tj\Desktop\김예진_웹디자인_201806_201812\Mlesna\html_mlesna\Font\AritaBuriB.woff
FileModTime:1517138968
%EndFont

%BeginFont
Handler:DirectoryHandler
FontType:Invalid
OutlineFileName:C:\Users\tj\Desktop\김예진_웹디자인_201806_201812\Mlesna\html_mlesna\Font\AritaBuriB.woff2
FileModTime:1517138968
%EndFont

%BeginFont
Handler:DirectoryHandler
FontType:Invalid
OutlineFileName:C:\Users\tj\Desktop\김예진_웹디자인_201806_201812\Mlesna\html_mlesna\Font\fonts.css
FileModTime:1540953124
%EndFont

%BeginFont
Handler:DirectoryHandler
FontType:Invalid
OutlineFileName:C:\Users\tj\Desktop\김예진_웹디자인_201806_201812\Mlesna\html_mlesna\Font\lato-medium.eot
FileModTime:1442374414
%EndFont

%BeginFont
Handler:DirectoryHandler
FontType:TrueType
FontName:Lato-Medium
FamilyName:Lato
StyleName:Medium
FullName:Lato Medium
MenuName:Lato Medium
StyleBits:0
WritingScript:Roman
OutlineFileName:C:\Users\tj\Desktop\김예진_웹디자인_201806_201812\Mlesna\html_mlesna\Font\lato-medium.ttf
DataFormat:sfntData
FileLength:600476
FileModTime:1442374414
WeightClass:500
WidthClass:5
AngleClass:0
%EndFont

%BeginFont
Handler:DirectoryHandler
FontType:Invalid
OutlineFileName:C:\Users\tj\Desktop\김예진_웹디자인_201806_201812\Mlesna\html_mlesna\Font\lato-medium.woff
FileModTime:1442374414
%EndFont

%BeginFont
Handler:DirectoryHandler
FontType:Invalid
OutlineFileName:C:\Users\tj\Desktop\김예진_웹디자인_201806_201812\Mlesna\html_mlesna\Font\lato-medium.woff2
FileModTime:1442374414
%EndFont

%BeginFont
Handler:DirectoryHandler
FontType:TrueType
FontName:Lato-Semibold
FamilyName:Lato
StyleName:Semibold
FullName:Lato Semibold
MenuName:Lato Semibold
StyleBits:0
WritingScript:Roman
OutlineFileName:C:\Users\tj\Desktop\김예진_웹디자인_201806_201812\Mlesna\html_mlesna\Font\lato-semibold.ttf
DataFormat:sfntData
FileLength:614256
FileModTime:1442374414
WeightClass:600
WidthClass:5
AngleClass:0
%EndFont

%BeginFont
Handler:DirectoryHandler
FontType:Invalid
OutlineFileName:C:\Users\tj\Desktop\김예진_웹디자인_201806_201812\Mlesna\html_mlesna\Font\lato-semibold.woff
FileModTime:1442374414
%EndFont

%BeginFont
Handler:DirectoryHandler
FontType:Invalid
OutlineFileName:C:\Users\tj\Desktop\김예진_웹디자인_201806_201812\Mlesna\html_mlesna\Font\lato-semibold.woff2
FileModTime:1442374414
%EndFont

%BeginFont
Handler:DirectoryHandler
FontType:Invalid
OutlineFileName:C:\Users\tj\Desktop\김예진_웹디자인_201806_201812\Mlesna\html_mlesna\Font\NotoSans-Black.eot
FileModTime:1517138968
%EndFont

%BeginFont
Handler:DirectoryHandler
FontType:CID
FontName:NotoSansKR-Black
FamilyName:Noto Sans KR
StyleName:Black
FullName:Noto Sans KR Black
MenuName:Noto Sans KR Black
StyleBits:0
FamilyNameNative:
StyleNameNative:Black
FullNameNative:
WritingScript:Korean
OutlineFileName:C:\Users\tj\Desktop\김예진_웹디자인_201806_201812\Mlesna\html_mlesna\Font\NotoSans-Black.otf
DataFormat:sfntData
isCFF:yes
FileLength:403792
FileModTime:1517138968
WeightClass:900
WidthClass:5
AngleClass:0
%EndFont

%BeginFont
Handler:DirectoryHandler
FontType:Invalid
OutlineFileName:C:\Users\tj\Desktop\김예진_웹디자인_201806_201812\Mlesna\html_mlesna\Font\NotoSans-Black.woff
FileModTime:1517138968
%EndFont

%BeginFont
Handler:DirectoryHandler
FontType:Invalid
OutlineFileName:C:\Users\tj\Desktop\김예진_웹디자인_201806_201812\Mlesna\html_mlesna\Font\NotoSans-Black.woff2
FileModTime:1517138968
%EndFont

%BeginFont
Handler:DirectoryHandler
FontType:Invalid
OutlineFileName:C:\Users\tj\Desktop\김예진_웹디자인_201806_201812\Mlesna\html_mlesna\Font\NotoSans-Bold.eot
FileModTime:1517138968
%EndFont

%BeginFont
Handler:DirectoryHandler
FontType:CID
FontName:NotoSansKR-Bold
FamilyName:Noto Sans KR
StyleName:Bold
FullName:Noto Sans KR Bold
MenuName:Noto Sans KR Bold
StyleBits:0
FamilyNameNative:
StyleNameNative:Bold
FullNameNative:
WritingScript:Korean
OutlineFileName:C:\Users\tj\Desktop\김예진_웹디자인_201806_201812\Mlesna\html_mlesna\Font\NotoSans-Bold.otf
DataFormat:sfntData
isCFF:yes
FileLength:396476
FileModTime:1517138968
WeightClass:700
WidthClass:5
AngleClass:0
%EndFont

%BeginFont
Handler:DirectoryHandler
FontType:Invalid
OutlineFileName:C:\Users\tj\Desktop\김예진_웹디자인_201806_201812\Mlesna\html_mlesna\Font\NotoSans-Bold.woff
FileModTime:1517138968
%EndFont

%BeginFont
Handler:DirectoryHandler
FontType:Invalid
OutlineFileName:C:\Users\tj\Desktop\김예진_웹디자인_201806_201812\Mlesna\html_mlesna\Font\NotoSans-Bold.woff2
FileModTime:1517138968
%EndFont

%BeginFont
Handler:DirectoryHandler
FontType:Invalid
OutlineFileName:C:\Users\tj\Desktop\김예진_웹디자인_201806_201812\Mlesna\html_mlesna\Font\NotoSans-Light.eot
FileModTime:1517138968
%EndFont

%BeginFont
Handler:DirectoryHandler
FontType:CID
FontName:NotoSansKR-Light
FamilyName:Noto Sans KR
StyleName:Light
FullName:Noto Sans KR Light
MenuName:Noto Sans KR Light
StyleBits:0
FamilyNameNative:
StyleNameNative:Light
FullNameNative:
WritingScript:Korean
OutlineFileName:C:\Users\tj\Desktop\김예진_웹디자인_201806_201812\Mlesna\html_mlesna\Font\NotoSans-Light.otf
DataFormat:sfntData
isCFF:yes
FileLength:397004
FileModTime:1517138968
WeightClass:300
WidthClass:5
AngleClass:0
%EndFont

%BeginFont
Handler:DirectoryHandler
FontType:Invalid
OutlineFileName:C:\Users\tj\Desktop\김예진_웹디자인_201806_201812\Mlesna\html_mlesna\Font\NotoSans-Light.woff
FileModTime:1517138968
%EndFont

%BeginFont
Handler:DirectoryHandler
FontType:Invalid
OutlineFileName:C:\Users\tj\Desktop\김예진_웹디자인_201806_201812\Mlesna\html_mlesna\Font\NotoSans-Light.woff2
FileModTime:1517138968
%EndFont

%BeginFont
Handler:DirectoryHandler
FontType:Invalid
OutlineFileName:C:\Users\tj\Desktop\김예진_웹디자인_201806_201812\Mlesna\html_mlesna\Font\NotoSans-Medium.eot
FileModTime:1517138968
%EndFont

%BeginFont
Handler:DirectoryHandler
FontType:CID
FontName:NotoSansKR-Medium
FamilyName:Noto Sans KR
StyleName:Medium
FullName:Noto Sans KR Medium
MenuName:Noto Sans KR Medium
StyleBits:0
FamilyNameNative:
StyleNameNative:Medium
FullNameNative:
WritingScript:Korean
OutlineFileName:C:\Users\tj\Desktop\김예진_웹디자인_201806_201812\Mlesna\html_mlesna\Font\NotoSans-Medium.otf
DataFormat:sfntData
isCFF:yes
FileLength:391268
FileModTime:1517138968
WeightClass:500
WidthClass:5
AngleClass:0
%EndFont

%BeginFont
Handler:DirectoryHandler
FontType:Invalid
OutlineFileName:C:\Users\tj\Desktop\김예진_웹디자인_201806_201812\Mlesna\html_mlesna\Font\NotoSans-Medium.woff
FileModTime:1517138968
%EndFont

%BeginFont
Handler:DirectoryHandler
FontType:Invalid
OutlineFileName:C:\Users\tj\Desktop\김예진_웹디자인_201806_201812\Mlesna\html_mlesna\Font\NotoSans-Medium.woff2
FileModTime:1517138968
%EndFont

%BeginFont
Handler:DirectoryHandler
FontType:Invalid
OutlineFileName:C:\Users\tj\Desktop\김예진_웹디자인_201806_201812\Mlesna\html_mlesna\Font\NotoSans-Regular.eot
FileModTime:1517138968
%EndFont

%BeginFont
Handler:DirectoryHandler
FontType:CID
FontName:NotoSansKR-Regular
FamilyName:Noto Sans KR
StyleName:Regular
FullName:Noto Sans KR Regular
MenuName:Noto Sans KR Regular
StyleBits:0
FamilyNameNative:
StyleNameNative:Regular
FullNameNative:
WritingScript:Korean
OutlineFileName:C:\Users\tj\Desktop\김예진_웹디자인_201806_201812\Mlesna\html_mlesna\Font\NotoSans-Regular.otf
DataFormat:sfntData
isCFF:yes
FileLength:392940
FileModTime:1517138968
WeightClass:400
WidthClass:5
AngleClass:0
%EndFont

%BeginFont
Handler:DirectoryHandler
FontType:Invalid
OutlineFileName:C:\Users\tj\Desktop\김예진_웹디자인_201806_201812\Mlesna\html_mlesna\Font\NotoSans-Regular.woff
FileModTime:1517138968
%EndFont

%BeginFont
Handler:DirectoryHandler
FontType:Invalid
OutlineFileName:C:\Users\tj\Desktop\김예진_웹디자인_201806_201812\Mlesna\html_mlesna\Font\NotoSans-Regular.woff2
FileModTime:1517138968
%EndFont

%BeginFont
Handler:DirectoryHandler
FontType:Invalid
OutlineFileName:C:\Users\tj\Desktop\김예진_웹디자인_201806_201812\Mlesna\html_mlesna\Font\NotoSans-Thin.eot
FileModTime:1517138968
%EndFont

%BeginFont
Handler:DirectoryHandler
FontType:CID
FontName:NotoSansKR-Thin
FamilyName:Noto Sans KR
StyleName:Thin
FullName:Noto Sans KR Thin
MenuName:Noto Sans KR Thin
StyleBits:0
FamilyNameNative:
StyleNameNative:Thin
FullNameNative:
WritingScript:Korean
OutlineFileName:C:\Users\tj\Desktop\김예진_웹디자인_201806_201812\Mlesna\html_mlesna\Font\NotoSans-Thin.otf
DataFormat:sfntData
isCFF:yes
FileLength:399528
FileModTime:1517138968
WeightClass:250
WidthClass:5
AngleClass:0
%EndFont

%BeginFont
Handler:DirectoryHandler
FontType:Invalid
OutlineFileName:C:\Users\tj\Desktop\김예진_웹디자인_201806_201812\Mlesna\html_mlesna\Font\NotoSans-Thin.woff
FileModTime:1517138968
%EndFont

%BeginFont
Handler:DirectoryHandler
FontType:Invalid
OutlineFileName:C:\Users\tj\Desktop\김예진_웹디자인_201806_201812\Mlesna\html_mlesna\Font\NotoSans-Thin.woff2
FileModTime:1517138968
%EndFont

